// Vitest Snapshot v1, https://vitest.dev/guide/snapshot.html

exports[`AddSong > renders the form and submits data 1`] = `
{
  "asFragment": [Function],
  "baseElement": <body>
    <div>
      <form
        class="add-song-form-container"
      >
        <header>
          <h3>
            Add a new Song!
          </h3>
        </header>
        <div
          class="elements-container"
        >
          <div>
            <label>
              Title:
            </label>
            <input
              class="input-box"
              type="text"
              value=""
            />
          </div>
          <div>
            <label>
              Artist:
            </label>
            <input
              class="input-box"
              type="text"
              value=""
            />
          </div>
          <div>
            <label>
              Rating:
            </label>
            <input
              class="input-box"
              type="text"
              value=""
            />
          </div>
          <div>
            <label>
              Review:
            </label>
            <input
              class="input-box"
              type="text"
              value=""
            />
          </div>
        </div>
        <div
          class="buttons-container"
        >
          <button>
            Back
          </button>
          <button
            type="submit"
          >
            Add Song
          </button>
        </div>
      </form>
    </div>
  </body>,
  "container": <div>
    <form
      class="add-song-form-container"
    >
      <header>
        <h3>
          Add a new Song!
        </h3>
      </header>
      <div
        class="elements-container"
      >
        <div>
          <label>
            Title:
          </label>
          <input
            class="input-box"
            type="text"
            value=""
          />
        </div>
        <div>
          <label>
            Artist:
          </label>
          <input
            class="input-box"
            type="text"
            value=""
          />
        </div>
        <div>
          <label>
            Rating:
          </label>
          <input
            class="input-box"
            type="text"
            value=""
          />
        </div>
        <div>
          <label>
            Review:
          </label>
          <input
            class="input-box"
            type="text"
            value=""
          />
        </div>
      </div>
      <div
        class="buttons-container"
      >
        <button>
          Back
        </button>
        <button
          type="submit"
        >
          Add Song
        </button>
      </div>
    </form>
  </div>,
  "debug": [Function],
  "findAllByAltText": [Function],
  "findAllByDisplayValue": [Function],
  "findAllByLabelText": [Function],
  "findAllByPlaceholderText": [Function],
  "findAllByRole": [Function],
  "findAllByTestId": [Function],
  "findAllByText": [Function],
  "findAllByTitle": [Function],
  "findByAltText": [Function],
  "findByDisplayValue": [Function],
  "findByLabelText": [Function],
  "findByPlaceholderText": [Function],
  "findByRole": [Function],
  "findByTestId": [Function],
  "findByText": [Function],
  "findByTitle": [Function],
  "getAllByAltText": [Function],
  "getAllByDisplayValue": [Function],
  "getAllByLabelText": [Function],
  "getAllByPlaceholderText": [Function],
  "getAllByRole": [Function],
  "getAllByTestId": [Function],
  "getAllByText": [Function],
  "getAllByTitle": [Function],
  "getByAltText": [Function],
  "getByDisplayValue": [Function],
  "getByLabelText": [Function],
  "getByPlaceholderText": [Function],
  "getByRole": [Function],
  "getByTestId": [Function],
  "getByText": [Function],
  "getByTitle": [Function],
  "queryAllByAltText": [Function],
  "queryAllByDisplayValue": [Function],
  "queryAllByLabelText": [Function],
  "queryAllByPlaceholderText": [Function],
  "queryAllByRole": [Function],
  "queryAllByTestId": [Function],
  "queryAllByText": [Function],
  "queryAllByTitle": [Function],
  "queryByAltText": [Function],
  "queryByDisplayValue": [Function],
  "queryByLabelText": [Function],
  "queryByPlaceholderText": [Function],
  "queryByRole": [Function],
  "queryByTestId": [Function],
  "queryByText": [Function],
  "queryByTitle": [Function],
  "rerender": [Function],
  "unmount": [Function],
}
`;
