// Vitest Snapshot v1, https://vitest.dev/guide/snapshot.html

exports[`Home Component > renders without crashing 1`] = `
{
  "asFragment": [Function],
  "baseElement": <body>
    <div>
      <div
        class="container"
      >
        <header
          class="header-title"
        >
          <h2
            class="title"
          >
            Your Personal Music Journal
          </h2>
        </header>
        <aside
          class="sidebar"
        >
          <button>
            Diagram
          </button>
          <button>
            Search and Filter
          </button>
          <button>
            About Us
          </button>
        </aside>
        <section
          class="content"
        >
          <div
            class="container"
          >
            <input
              class="add-form"
              type="button"
              value="Add New Song"
            />
            <div>
              <article />
              <table
                class="container"
              >
                <thead>
                  <tr>
                    <th>
                      <h1>
                        Title
                      </h1>
                    </th>
                    <th>
                      <h1>
                        Artist
                      </h1>
                    </th>
                    <th>
                      <h1
                        class="rate"
                      >
                        Rating
                      </h1>
                    </th>
                    <th>
                      <h1>
                        Review
                      </h1>
                    </th>
                    <th>
                      <h1
                        class="wide-actions"
                      >
                        Actions
                      </h1>
                    </th>
                  </tr>
                </thead>
                <tbody />
              </table>
              <select
                class="sort-button"
              >
                <option
                  value="asc"
                >
                  ascending by rating
                </option>
                <option
                  value="desc"
                >
                  descending by rating
                </option>
              </select>
            </div>
          </div>
        </section>
      </div>
    </div>
  </body>,
  "container": <div>
    <div
      class="container"
    >
      <header
        class="header-title"
      >
        <h2
          class="title"
        >
          Your Personal Music Journal
        </h2>
      </header>
      <aside
        class="sidebar"
      >
        <button>
          Diagram
        </button>
        <button>
          Search and Filter
        </button>
        <button>
          About Us
        </button>
      </aside>
      <section
        class="content"
      >
        <div
          class="container"
        >
          <input
            class="add-form"
            type="button"
            value="Add New Song"
          />
          <div>
            <article />
            <table
              class="container"
            >
              <thead>
                <tr>
                  <th>
                    <h1>
                      Title
                    </h1>
                  </th>
                  <th>
                    <h1>
                      Artist
                    </h1>
                  </th>
                  <th>
                    <h1
                      class="rate"
                    >
                      Rating
                    </h1>
                  </th>
                  <th>
                    <h1>
                      Review
                    </h1>
                  </th>
                  <th>
                    <h1
                      class="wide-actions"
                    >
                      Actions
                    </h1>
                  </th>
                </tr>
              </thead>
              <tbody />
            </table>
            <select
              class="sort-button"
            >
              <option
                value="asc"
              >
                ascending by rating
              </option>
              <option
                value="desc"
              >
                descending by rating
              </option>
            </select>
          </div>
        </div>
      </section>
    </div>
  </div>,
  "debug": [Function],
  "findAllByAltText": [Function],
  "findAllByDisplayValue": [Function],
  "findAllByLabelText": [Function],
  "findAllByPlaceholderText": [Function],
  "findAllByRole": [Function],
  "findAllByTestId": [Function],
  "findAllByText": [Function],
  "findAllByTitle": [Function],
  "findByAltText": [Function],
  "findByDisplayValue": [Function],
  "findByLabelText": [Function],
  "findByPlaceholderText": [Function],
  "findByRole": [Function],
  "findByTestId": [Function],
  "findByText": [Function],
  "findByTitle": [Function],
  "getAllByAltText": [Function],
  "getAllByDisplayValue": [Function],
  "getAllByLabelText": [Function],
  "getAllByPlaceholderText": [Function],
  "getAllByRole": [Function],
  "getAllByTestId": [Function],
  "getAllByText": [Function],
  "getAllByTitle": [Function],
  "getByAltText": [Function],
  "getByDisplayValue": [Function],
  "getByLabelText": [Function],
  "getByPlaceholderText": [Function],
  "getByRole": [Function],
  "getByTestId": [Function],
  "getByText": [Function],
  "getByTitle": [Function],
  "queryAllByAltText": [Function],
  "queryAllByDisplayValue": [Function],
  "queryAllByLabelText": [Function],
  "queryAllByPlaceholderText": [Function],
  "queryAllByRole": [Function],
  "queryAllByTestId": [Function],
  "queryAllByText": [Function],
  "queryAllByTitle": [Function],
  "queryByAltText": [Function],
  "queryByDisplayValue": [Function],
  "queryByLabelText": [Function],
  "queryByPlaceholderText": [Function],
  "queryByRole": [Function],
  "queryByTestId": [Function],
  "queryByText": [Function],
  "queryByTitle": [Function],
  "rerender": [Function],
  "unmount": [Function],
}
`;
